// Jest Snapshot v1, https://goo.gl/fbAQLP

exports[`should render Expense List with expenses 1`] = `
<div>
  <h1>
    Expense List
  </h1>
  <ExpenseListItem
    amount={150}
    createdAt={"1970-01-01T00:00:00.000Z"}
    description="Chewing Gum"
    id="1"
    note=""
  />
  <ExpenseListItem
    amount={125000}
    createdAt={-345600000}
    description="Rent"
    id="2"
    note=""
  />
  <ExpenseListItem
    amount={5000}
    createdAt={518400000}
    description="Credit Card"
    id="3"
    note=""
  />
</div>
`;
